<html>
<body>
<pre>
<h1>µVision Build Log</h1>
<h2>Tool Versions:</h2>
IDE-Version: µVision V5.43.1.0
Copyright (C) 2025 ARM Ltd and ARM Germany GmbH. All rights reserved.
License Information: doquolo  
 
User-based license: Keil MDK Community (non-commercial free of charge)
Valid until: Jun 1 2033. Cached until: Dec 21 2025
 
Tool Versions:
Toolchain:       Keil MDK Community (non-commercial free of charge  Version: 5.43.0.0
Toolchain Path:  F:\KeilC\KeilV5\ARM\ARMCLANG\Bin
C Compiler:      ArmClang.exe V6.24
Assembler:       Armasm.exe V6.24
Linker/Locator:  ArmLink.exe V6.24
Library Manager: ArmAr.exe V6.24
Hex Converter:   FromElf.exe V6.24
CPU DLL:         SARMCM3.DLL V5.43.0.0
Dialog DLL:      DARMCM1.DLL V1.19.6.0
    Target DLL: SNLINK\SNLINK.dll
Dialog DLL:      TARMCM1.DLL V1.14.6.0
 
<h2>Project:</h2>
C:\Users\doquolo\Documents\code\keilC\sn32_viterbi_dec\uart_transceiver.uvprojx
Project File Date:  12/14/2025

<h2>Output:</h2>
*** Using Compiler 'V6.24', folder: 'F:\KeilC\KeilV5\ARM\ARMCLANG\Bin'
Rebuild target 'Target 1'
compiling PFPA.c...
compiling GPIO.c...
compiling main.c...
compiling WDT.c...
compiling UART0.c...
compiling Utility.c...
compiling UART1.c...
compiling KeyScan.c...
assembling startup_SN32F400.s...
compiling Segment.c...
compiling Viterbi.c...
compiling system_SN32F400.c...
linking...
Program Size: Code=3060 RO-data=208 RW-data=0 ZI-data=960  
FromELF: creating hex file...
".\Objects\exp1_LED_blink.axf" - 0 Error(s), 0 Warning(s).

<h2>Software Packages used:</h2>

Package Vendor: ARM
                https://www.keil.com/pack/ARM.CMSIS.6.2.0.pack
                ARM::CMSIS@6.2.0
                CMSIS (Common Microcontroller Software Interface Standard)
   * Component: CORE Version: 6.1.1

Package Vendor: SONiX
                https://liveupdate.sonix.com.tw/sonix/develop_tool/MCU/DFP/SONiX.SN32F4_DFP.1.1.1.pack
                SONiX::SN32F4_DFP@1.1.1
                SONiX SN32F4 Series Device Support and Examples
   * Component: Startup Version: 1.0.1

<h2>Collection of Component include folders:</h2>
  ./RTE/_Target_1
  F:/KeilC/Packs/ARM/CMSIS/6.2.0/CMSIS/Core/Include
  F:/KeilC/Packs/SONiX/SN32F4_DFP/1.1.1/Device/Include

<h2>Collection of Component Files used:</h2>

   * Component: ARM::CMSIS:CORE@6.1.1

   * Component: SONiX::Device:Startup@1.0.1
      Source file:   Device/Source/system_SN32F400.c
      Source file:   Device/Source/ARM/startup_SN32F400.s
Build Time Elapsed:  00:00:01
</pre>
</body>
</html>
